// Jest Snapshot v1, https://goo.gl/fbAQLP

exports[`Snapshot test for Navbar 1`] = `
<img
  className="sc-gswNZR iUDwuu"
  src="pokeball.png"
/>
`;
